Archive member included because of file (symbol)

c:/stm32toolchain/gnu-arm/4.8-2014q3/bin/../lib/gcc/arm-none-eabi/4.8.4/armv7-m\libgcc.a(unwind-arm.o)
                              ./system/src/newlib/_cxx.o (__aeabi_unwind_cpp_pr1)
c:/stm32toolchain/gnu-arm/4.8-2014q3/bin/../lib/gcc/arm-none-eabi/4.8.4/armv7-m\libgcc.a(libunwind.o)
                              c:/stm32toolchain/gnu-arm/4.8-2014q3/bin/../lib/gcc/arm-none-eabi/4.8.4/armv7-m\libgcc.a(unwind-arm.o) (restore_core_regs)
c:/stm32toolchain/gnu-arm/4.8-2014q3/bin/../lib/gcc/arm-none-eabi/4.8.4/armv7-m\libgcc.a(pr-support.o)
                              c:/stm32toolchain/gnu-arm/4.8-2014q3/bin/../lib/gcc/arm-none-eabi/4.8.4/armv7-m\libgcc.a(unwind-arm.o) (__gnu_unwind_execute)
c:/stm32toolchain/gnu-arm/4.8-2014q3/bin/../lib/gcc/arm-none-eabi/4.8.4/../../../../arm-none-eabi/lib/armv7-m\libg_s.a(lib_a-errno.o)
                              ./system/src/newlib/_sbrk.o (__errno)
c:/stm32toolchain/gnu-arm/4.8-2014q3/bin/../lib/gcc/arm-none-eabi/4.8.4/../../../../arm-none-eabi/lib/armv7-m\libg_s.a(lib_a-impure.o)
                              c:/stm32toolchain/gnu-arm/4.8-2014q3/bin/../lib/gcc/arm-none-eabi/4.8.4/../../../../arm-none-eabi/lib/armv7-m\libg_s.a(lib_a-errno.o) (_impure_ptr)
c:/stm32toolchain/gnu-arm/4.8-2014q3/bin/../lib/gcc/arm-none-eabi/4.8.4/../../../../arm-none-eabi/lib/armv7-m\libg_s.a(lib_a-init.o)
                              ./system/src/cmsis/startup_stm32f103xb.o (__libc_init_array)
c:/stm32toolchain/gnu-arm/4.8-2014q3/bin/../lib/gcc/arm-none-eabi/4.8.4/../../../../arm-none-eabi/lib/armv7-m\libg_s.a(lib_a-memcpy-stub.o)
                              ./Middlewares/Third_Party/FreeRTOS/Source/queue.o (memcpy)
c:/stm32toolchain/gnu-arm/4.8-2014q3/bin/../lib/gcc/arm-none-eabi/4.8.4/../../../../arm-none-eabi/lib/armv7-m\libg_s.a(lib_a-memset.o)
                              ./Middlewares/Third_Party/FreeRTOS/Source/CMSIS_RTOS/cmsis_os.o (memset)
c:/stm32toolchain/gnu-arm/4.8-2014q3/bin/../lib/gcc/arm-none-eabi/4.8.4/../../../../arm-none-eabi/lib/armv7-m\libg_s.a(lib_a-sprintf.o)
                              ./src/main.o (sprintf)
c:/stm32toolchain/gnu-arm/4.8-2014q3/bin/../lib/gcc/arm-none-eabi/4.8.4/../../../../arm-none-eabi/lib/armv7-m\libg_s.a(lib_a-strlen.o)
                              ./system/src/diag/Trace.o (strlen)
c:/stm32toolchain/gnu-arm/4.8-2014q3/bin/../lib/gcc/arm-none-eabi/4.8.4/../../../../arm-none-eabi/lib/armv7-m\libg_s.a(lib_a-svfprintf.o)
                              c:/stm32toolchain/gnu-arm/4.8-2014q3/bin/../lib/gcc/arm-none-eabi/4.8.4/../../../../arm-none-eabi/lib/armv7-m\libg_s.a(lib_a-sprintf.o) (_svfprintf_r)
c:/stm32toolchain/gnu-arm/4.8-2014q3/bin/../lib/gcc/arm-none-eabi/4.8.4/../../../../arm-none-eabi/lib/armv7-m\libg_s.a(lib_a-vfprintf_i.o)
                              c:/stm32toolchain/gnu-arm/4.8-2014q3/bin/../lib/gcc/arm-none-eabi/4.8.4/../../../../arm-none-eabi/lib/armv7-m\libg_s.a(lib_a-svfprintf.o) (_printf_i)
c:/stm32toolchain/gnu-arm/4.8-2014q3/bin/../lib/gcc/arm-none-eabi/4.8.4/../../../../arm-none-eabi/lib/armv7-m\libg_s.a(lib_a-vsnprintf.o)
                              ./system/src/diag/Trace.o (vsnprintf)
c:/stm32toolchain/gnu-arm/4.8-2014q3/bin/../lib/gcc/arm-none-eabi/4.8.4/../../../../arm-none-eabi/lib/armv7-m\libg_s.a(lib_a-memchr-stub.o)
                              c:/stm32toolchain/gnu-arm/4.8-2014q3/bin/../lib/gcc/arm-none-eabi/4.8.4/../../../../arm-none-eabi/lib/armv7-m\libg_s.a(lib_a-svfprintf.o) (memchr)
c:/stm32toolchain/gnu-arm/4.8-2014q3/bin/../lib/gcc/arm-none-eabi/4.8.4/../../../../arm-none-eabi/lib/armv7-m\libg_s.a(lib_a-memmove.o)
                              c:/stm32toolchain/gnu-arm/4.8-2014q3/bin/../lib/gcc/arm-none-eabi/4.8.4/../../../../arm-none-eabi/lib/armv7-m\libg_s.a(lib_a-svfprintf.o) (memmove)
c:/stm32toolchain/gnu-arm/4.8-2014q3/bin/../lib/gcc/arm-none-eabi/4.8.4/../../../../arm-none-eabi/lib/armv7-m\libg_s.a(lib_a-nano-freer.o)
                              c:/stm32toolchain/gnu-arm/4.8-2014q3/bin/../lib/gcc/arm-none-eabi/4.8.4/../../../../arm-none-eabi/lib/armv7-m\libg_s.a(lib_a-svfprintf.o) (_free_r)
c:/stm32toolchain/gnu-arm/4.8-2014q3/bin/../lib/gcc/arm-none-eabi/4.8.4/../../../../arm-none-eabi/lib/armv7-m\libg_s.a(lib_a-nano-mallocr.o)
                              c:/stm32toolchain/gnu-arm/4.8-2014q3/bin/../lib/gcc/arm-none-eabi/4.8.4/../../../../arm-none-eabi/lib/armv7-m\libg_s.a(lib_a-svfprintf.o) (_malloc_r)
c:/stm32toolchain/gnu-arm/4.8-2014q3/bin/../lib/gcc/arm-none-eabi/4.8.4/../../../../arm-none-eabi/lib/armv7-m\libg_s.a(lib_a-nano-reallocr.o)
                              c:/stm32toolchain/gnu-arm/4.8-2014q3/bin/../lib/gcc/arm-none-eabi/4.8.4/../../../../arm-none-eabi/lib/armv7-m\libg_s.a(lib_a-svfprintf.o) (_realloc_r)
c:/stm32toolchain/gnu-arm/4.8-2014q3/bin/../lib/gcc/arm-none-eabi/4.8.4/../../../../arm-none-eabi/lib/armv7-m\libg_s.a(lib_a-sbrkr.o)
[...]
Memory Configuration

Name             Origin             Length             Attributes
FLASH            0x08000000         0x00020000         xr
RAM              0x20000000         0x00005000         xrw
CCMRAM           0x10000000         0x00000000         xrw
FLASHB1          0x00000000         0x00000000         xr
EXTMEMB0         0x00000000         0x00000000         xr
EXTMEMB1         0x00000000         0x00000000         xr
EXTMEMB2         0x00000000         0x00000000         xr
EXTMEMB3         0x00000000         0x00000000         xr
*default*        0x00000000         0xffffffff

Linker script and memory map

LOAD ./system/src/stm32f1xx/stm32f1xx_hal.o
LOAD ./system/src/stm32f1xx/stm32f1xx_hal_can.o
LOAD ./system/src/stm32f1xx/stm32f1xx_hal_cortex.o
LOAD ./system/src/stm32f1xx/stm32f1xx_hal_dma.o
LOAD ./system/src/stm32f1xx/stm32f1xx_hal_flash.o
LOAD ./system/src/stm32f1xx/stm32f1xx_hal_flash_ex.o
LOAD ./system/src/stm32f1xx/stm32f1xx_hal_gpio.o
LOAD ./system/src/stm32f1xx/stm32f1xx_hal_gpio_ex.o
LOAD ./system/src/stm32f1xx/stm32f1xx_hal_pwr.o
LOAD ./system/src/stm32f1xx/stm32f1xx_hal_rcc.o
LOAD ./system/src/stm32f1xx/stm32f1xx_hal_rcc_ex.o
LOAD ./system/src/stm32f1xx/stm32f1xx_hal_spi.o
LOAD ./system/src/stm32f1xx/stm32f1xx_hal_spi_ex.o
LOAD ./system/src/stm32f1xx/stm32f1xx_hal_tim.o
LOAD ./system/src/stm32f1xx/stm32f1xx_hal_tim_ex.o
LOAD ./system/src/stm32f1xx/stm32f1xx_hal_uart.o
LOAD ./system/src/newlib/_cxx.o
LOAD ./system/src/newlib/_exit.o
LOAD ./system/src/newlib/_sbrk.o
LOAD ./system/src/newlib/_startup.o
LOAD ./system/src/newlib/_syscalls.o
LOAD ./system/src/newlib/assert.o
LOAD ./system/src/diag/Trace.o
LOAD ./system/src/diag/trace_impl.o
LOAD ./system/src/cortexm/_initialize_hardware.o
LOAD ./system/src/cortexm/_reset_hardware.o
LOAD ./system/src/cortexm/exception_handlers.o
LOAD ./system/src/cmsis/startup_stm32f103xb.o
LOAD ./system/src/cmsis/system_stm32f1xx.o
LOAD ./src/freertos.o
LOAD ./src/main.o
LOAD ./src/stm32f1xx_hal_msp.o
LOAD ./src/stm32f1xx_it.o
LOAD ./Middlewares/Third_Party/FreeRTOS/Source/portable/MemMang/heap_4.o
LOAD ./Middlewares/Third_Party/FreeRTOS/Source/portable/GCC/ARM_CM3/port.o
LOAD ./Middlewares/Third_Party/FreeRTOS/Source/CMSIS_RTOS/cmsis_os.o
LOAD ./Middlewares/Third_Party/FreeRTOS/Source/croutine.o
LOAD ./Middlewares/Third_Party/FreeRTOS/Source/event_groups.o
LOAD ./Middlewares/Third_Party/FreeRTOS/Source/list.o
LOAD ./Middlewares/Third_Party/FreeRTOS/Source/queue.o
LOAD ./Middlewares/Third_Party/FreeRTOS/Source/tasks.o
LOAD ./Middlewares/Third_Party/FreeRTOS/Source/timers.o
LOAD c:/stm32toolchain/gnu-arm/4.8-2014q3/bin/../lib/gcc/arm-none-eabi/4.8.4/../../../../arm-none-eabi/lib/armv7-m\libstdc++_s.a
LOAD c:/stm32toolchain/gnu-arm/4.8-2014q3/bin/../lib/gcc/arm-none-eabi/4.8.4/../../../../arm-none-eabi/lib/armv7-m\libm.a
START GROUP
LOAD c:/stm32toolchain/gnu-arm/4.8-2014q3/bin/../lib/gcc/arm-none-eabi/4.8.4/armv7-m\libgcc.a
LOAD c:/stm32toolchain/gnu-arm/4.8-2014q3/bin/../lib/gcc/arm-none-eabi/4.8.4/../../../../arm-none-eabi/lib/armv7-m\libg_s.a
LOAD c:/stm32toolchain/gnu-arm/4.8-2014q3/bin/../lib/gcc/arm-none-eabi/4.8.4/../../../../arm-none-eabi/lib/armv7-m\libc_s.a
END GROUP
START GROUP
LOAD c:/stm32toolchain/gnu-arm/4.8-2014q3/bin/../lib/gcc/arm-none-eabi/4.8.4/armv7-m\libgcc.a
LOAD c:/stm32toolchain/gnu-arm/4.8-2014q3/bin/../lib/gcc/arm-none-eabi/4.8.4/../../../../arm-none-eabi/lib/armv7-m\libc_s.a
END GROUP
                0x20005000                __stack = (ORIGIN (RAM) + 0x5000)
                0x20005000                _estack = __stack
                0x00000400                __Main_Stack_Size = 0x400
                0x00000400                PROVIDE (_Main_Stack_Size, __Main_Stack_Size)
                0x20004c00                __Main_Stack_Limit = (__stack - __Main_Stack_Size)
                0x20004c00                PROVIDE (_Main_Stack_Limit, __Main_Stack_Limit)
                0x00000100                _Minimum_Stack_Size = 0x100
                0x20000fc0                PROVIDE (_Heap_Begin, _end_noinit)
                0x20004c00                PROVIDE (_Heap_Limit, (__stack - __Main_Stack_Size))

.isr_vector     0x08000000      0x324
 FILL mask 0xff
                0x08000000                __vectors_start = ABSOLUTE (.)
                0x08000000                __vectors_start__ = ABSOLUTE (.)
 *(.isr_vector)
 .isr_vector    0x08000000      0x10c ./system/src/cmsis/startup_stm32f103xb.o
                0x08000000                g_pfnVectors
 *(.cfmconfig)
 *(.after_vectors .after_vectors.*)
 .after_vectors
                0x0800010c      0x114 ./system/src/newlib/_startup.o
                0x0800010c                _start
 .after_vectors
                0x08000220      0x104 ./system/src/cortexm/exception_handlers.o
                0x08000220                Reset_Handler
                0x08000240                HardFault_Handler_C
                0x0800028c                BusFault_Handler_C
                0x080002d4                UsageFault_Handler_C

.inits          0x08000324       0x28
                0x08000324                __data_regions_array_start = .
                0x08000324        0x4 LONG 0x8003888 LOADADDR (.data)
                0x08000328        0x4 LONG 0x20000000 ADDR (.data)
                0x0800032c        0x4 LONG 0x2000007c (ADDR (.data) + SIZEOF (.data))
                0x08000330        0x4 LONG 0x8003888 LOADADDR (.data_CCMRAM)
                0x08000334        0x4 LONG 0x10000000 ADDR (.data_CCMRAM)
                0x08000338        0x4 LONG 0x10000000 (ADDR (.data_CCMRAM) + SIZEOF (.data_CCMRAM))
                0x0800033c                __data_regions_array_end = .
                0x0800033c                __bss_regions_array_start = .
                0x0800033c        0x4 LONG 0x2000007c ADDR (.bss)
                0x08000340        0x4 LONG 0x20000fc0 (ADDR (.bss) + SIZEOF (.bss))
                0x08000344        0x4 LONG 0x10000000 ADDR (.bss_CCMRAM)
                0x08000348        0x4 LONG 0x10000000 (ADDR (.bss_CCMRAM) + SIZEOF (.bss_CCMRAM))
                0x0800034c                __bss_regions_array_end = .
 *(.init)
 *(.fini)
                0x0800034c                . = ALIGN (0x4)
                0x0800034c                PROVIDE (__preinit_array_start, .)
 *(.preinit_array_sysinit .preinit_array_sysinit.*)
 *(.preinit_array_platform .preinit_array_platform.*)
 *(.preinit_array .preinit_array.*)
                0x0800034c                PROVIDE (__preinit_array_end, .)
                0x0800034c                . = ALIGN (0x4)
                0x0800034c                PROVIDE (__init_array_start, .)
 *(SORT(.init_array.*))
 *(.init_array)
                0x0800034c                PROVIDE (__init_array_end, .)
                0x0800034c                . = ALIGN (0x4)
                0x0800034c                PROVIDE (__fini_array_start, .)
 *(SORT(.fini_array.*))
 *(.fini_array)
                0x0800034c                PROVIDE (__fini_array_end, .)

.flashtext
 *(.flashtext .flashtext.*)

.text           0x0800034c     0x3539
 *(.text .text.*)
 .text.HAL_InitTick
                0x0800034c       0x28 ./system/src/stm32f1xx/stm32f1xx_hal.o
                0x0800034c                HAL_InitTick
 .text.HAL_Init
                0x08000374       0x24 ./system/src/stm32f1xx/stm32f1xx_hal.o
                0x08000374                HAL_Init
 .text.HAL_IncTick
                0x08000398       0x10 ./system/src/stm32f1xx/stm32f1xx_hal.o
                0x08000398                HAL_IncTick
 .text.HAL_GetTick
                0x080003a8        0xc ./system/src/stm32f1xx/stm32f1xx_hal.o
                0x080003a8                HAL_GetTick
 .text.HAL_Delay
                0x080003b4       0x1c ./system/src/stm32f1xx/stm32f1xx_hal.o
                0x080003b4                HAL_Delay
 .text.HAL_CAN_ConfigFilter
                0x080003d0      0x100 ./system/src/stm32f1xx/stm32f1xx_hal_can.o
                0x080003d0                HAL_CAN_ConfigFilter
 .text.HAL_CAN_Init
                0x080004d0      0x130 ./system/src/stm32f1xx/stm32f1xx_hal_can.o
                0x080004d0                HAL_CAN_Init
 .text.HAL_CAN_Transmit
                0x08000600      0x1c4 ./system/src/stm32f1xx/stm32f1xx_hal_can.o
                0x08000600                HAL_CAN_Transmit
 .text.HAL_CAN_Receive
                0x080007c4      0x194 ./system/src/stm32f1xx/stm32f1xx_hal_can.o
                0x080007c4                HAL_CAN_Receive
 .text.HAL_NVIC_SetPriorityGrouping
                0x08000958       0x24 ./system/src/stm32f1xx/stm32f1xx_hal_cortex.o
                0x08000958                HAL_NVIC_SetPriorityGrouping
 .text.HAL_NVIC_SetPriority
                0x0800097c       0x64 ./system/src/stm32f1xx/stm32f1xx_hal_cortex.o
                0x0800097c                HAL_NVIC_SetPriority
 .text.HAL_SYSTICK_Config
                0x080009e0       0x2c ./system/src/stm32f1xx/stm32f1xx_hal_cortex.o
                0x080009e0                HAL_SYSTICK_Config
 .text.HAL_SYSTICK_CLKSourceConfig
                0x08000a0c       0x20 ./system/src/stm32f1xx/stm32f1xx_hal_cortex.o
                0x08000a0c                HAL_SYSTICK_CLKSourceConfig
 .text.HAL_GPIO_Init
                0x08000a2c      0x1e0 ./system/src/stm32f1xx/stm32f1xx_hal_gpio.o
                0x08000a2c                HAL_GPIO_Init
 .text.HAL_GPIO_WritePin
                0x08000c0c        0xc ./system/src/stm32f1xx/stm32f1xx_hal_gpio.o
                0x08000c0c                HAL_GPIO_WritePin
 .text.HAL_RCC_OscConfig
                0x08000c18      0x5f8 ./system/src/stm32f1xx/stm32f1xx_hal_rcc.o
                0x08000c18                HAL_RCC_OscConfig
 .text.HAL_RCC_GetSysClockFreq
                0x08001210       0x94 ./system/src/stm32f1xx/stm32f1xx_hal_rcc.o
                0x08001210                HAL_RCC_GetSysClockFreq
 .text.HAL_RCC_ClockConfig
                0x080012a4      0x1e4 ./system/src/stm32f1xx/stm32f1xx_hal_rcc.o
                0x080012a4                HAL_RCC_ClockConfig
 .text.HAL_RCC_GetHCLKFreq
                0x08001488        0xc ./system/src/stm32f1xx/stm32f1xx_hal_rcc.o
                0x08001488                HAL_RCC_GetHCLKFreq
 .text.HAL_RCC_GetPCLK1Freq
                0x08001494       0x30 ./system/src/stm32f1xx/stm32f1xx_hal_rcc.o
                0x08001494                HAL_RCC_GetPCLK1Freq
 .text.HAL_RCC_GetPCLK2Freq
                0x080014c4       0x30 ./system/src/stm32f1xx/stm32f1xx_hal_rcc.o
                0x080014c4                HAL_RCC_GetPCLK2Freq
 .text.HAL_SPI_Init
                0x080014f4       0x88 ./system/src/stm32f1xx/stm32f1xx_hal_spi_ex.o
                0x080014f4                HAL_SPI_Init
 .text.UART_SetConfig
                0x0800157c      0x1b4 ./system/src/stm32f1xx/stm32f1xx_hal_uart.o
 .text.UART_WaitOnFlagUntilTimeout
                0x08001730       0xd4 ./system/src/stm32f1xx/stm32f1xx_hal_uart.o
 .text.HAL_UART_Init
                0x08001804       0x60 ./system/src/stm32f1xx/stm32f1xx_hal_uart.o
                0x08001804                HAL_UART_Init
 .text.HAL_UART_Transmit
                0x08001864       0xe8 ./system/src/stm32f1xx/stm32f1xx_hal_uart.o
                0x08001864                HAL_UART_Transmit
 .text._exit    0x0800194c        0x4 ./system/src/newlib/_exit.o
                0x0800194c                _exit
 .text._sbrk    0x08001950       0x44 ./system/src/newlib/_sbrk.o
                0x08001950                _sbrk
 .text.__initialize_args
                0x08001994       0x10 ./system/src/newlib/_syscalls.o
                0x08001994                __initialize_args
 .text.trace_printf
                0x080019a4       0x34 ./system/src/diag/Trace.o
                0x080019a4                trace_printf
 .text.trace_write
                0x080019d8        0x8 ./system/src/diag/trace_impl.o
                0x080019d8                trace_write
 .text.__initialize_hardware_early
                0x080019e0       0x18 ./system/src/cortexm/_initialize_hardware.o
                0x080019e0                __initialize_hardware_early
 .text.__initialize_hardware
                0x080019f8        0x8 ./system/src/cortexm/_initialize_hardware.o
                0x080019f8                __initialize_hardware
 .text.dumpExceptionStack
                0x08001a00       0xf0 ./system/src/cortexm/exception_handlers.o
                0x08001a00                dumpExceptionStack
 .text.Default_Handler
                0x08001af0        0x4 ./system/src/cmsis/startup_stm32f103xb.o
                0x08001af0                RTC_Alarm_IRQHandler
                0x08001af0                EXTI2_IRQHandler
                0x08001af0                TIM1_CC_IRQHandler
                0x08001af0                PVD_IRQHandler
                0x08001af0                EXTI3_IRQHandler
                0x08001af0                EXTI0_IRQHandler
                0x08001af0                I2C2_EV_IRQHandler
                0x08001af0                ADC1_2_IRQHandler
                0x08001af0                SPI1_IRQHandler
                0x08001af0                TAMPER_IRQHandler
                0x08001af0                DMA1_Channel4_IRQHandler
                0x08001af0                USART3_IRQHandler
                0x08001af0                RTC_IRQHandler
                0x08001af0                DMA1_Channel7_IRQHandler
                0x08001af0                CAN1_RX1_IRQHandler
                0x08001af0                TIM4_IRQHandler
                0x08001af0                I2C1_EV_IRQHandler
                0x08001af0                DMA1_Channel6_IRQHandler
                0x08001af0                TIM3_IRQHandler
                0x08001af0                RCC_IRQHandler
                0x08001af0                TIM1_TRG_COM_IRQHandler
                0x08001af0                DMA1_Channel1_IRQHandler
                0x08001af0                Default_Handler
                0x08001af0                EXTI15_10_IRQHandler
                0x08001af0                EXTI9_5_IRQHandler
                0x08001af0                SPI2_IRQHandler
                0x08001af0                DMA1_Channel5_IRQHandler
                0x08001af0                EXTI4_IRQHandler
                0x08001af0                USB_LP_CAN1_RX0_IRQHandler
                0x08001af0                USB_HP_CAN1_TX_IRQHandler
                0x08001af0                DMA1_Channel3_IRQHandler
                0x08001af0                TIM1_UP_IRQHandler
                0x08001af0                WWDG_IRQHandler
                0x08001af0                TIM2_IRQHandler
                0x08001af0                TIM1_BRK_IRQHandler
                0x08001af0                EXTI1_IRQHandler
                0x08001af0                USART2_IRQHandler
                0x08001af0                I2C2_ER_IRQHandler
                0x08001af0                DMA1_Channel2_IRQHandler
                0x08001af0                CAN1_SCE_IRQHandler
                0x08001af0                FLASH_IRQHandler
                0x08001af0                USART1_IRQHandler
                0x08001af0                I2C1_ER_IRQHandler
                0x08001af0                USBWakeUp_IRQHandler
 .text.SystemInit
                0x08001af4       0x4c ./system/src/cmsis/system_stm32f1xx.o
                0x08001af4                SystemInit
 .text.SystemCoreClockUpdate
                0x08001b40       0x94 ./system/src/cmsis/system_stm32f1xx.o
                0x08001b40                SystemCoreClockUpdate
 .text.MX_GPIO_Init
                0x08001bd4       0xc8 ./src/main.o
 .text.receive_task
                0x08001c9c       0xcc ./src/main.o
                0x08001c9c                receive_task
 .text.send_task
                0x08001d68       0xf8 ./src/main.o
                0x08001d68                send_task
 .text._Error_Handler
                0x08001e60        0x4 ./src/main.o
                0x08001e60                _Error_Handler
 .text.MX_CAN_Init
                0x08001e64       0x9c ./src/main.o
 .text.MX_USART1_UART_Init
                0x08001f00       0x3c ./src/main.o
 .text.MX_USART2_UART_Init
                0x08001f3c       0x3c ./src/main.o
 .text.MX_SPI2_Init
                0x08001f78       0x48 ./src/main.o
 .text.SystemClock_Config
                0x08001fc0       0x78 ./src/main.o
                0x08001fc0                SystemClock_Config
 .text.main     0x08002038       0x64 ./src/main.o
                0x08002038                main
 .text.HAL_MspInit
                0x0800209c       0x90 ./src/stm32f1xx_hal_msp.o
                0x0800209c                HAL_MspInit
 .text.HAL_CAN_MspInit
                0x0800212c       0x6c ./src/stm32f1xx_hal_msp.o
                0x0800212c                HAL_CAN_MspInit
 .text.HAL_SPI_MspInit
                0x08002198       0x5c ./src/stm32f1xx_hal_msp.o
                0x08002198                HAL_SPI_MspInit
 .text.HAL_UART_MspInit
                0x080021f4       0xa4 ./src/stm32f1xx_hal_msp.o
                0x080021f4                HAL_UART_MspInit
 .text.NMI_Handler
                0x08002298        0x4 ./src/stm32f1xx_it.o
                0x08002298                NMI_Handler
 .text.HardFault_Handler
                0x0800229c        0x4 ./src/stm32f1xx_it.o
                0x0800229c                HardFault_Handler
 .text.MemManage_Handler
                0x080022a0        0x4 ./src/stm32f1xx_it.o
                0x080022a0                MemManage_Handler
 .text.BusFault_Handler
                0x080022a4        0x4 ./src/stm32f1xx_it.o
                0x080022a4                BusFault_Handler
 .text.UsageFault_Handler
                0x080022a8        0x4 ./src/stm32f1xx_it.o
                0x080022a8                UsageFault_Handler
 .text.DebugMon_Handler
                0x080022ac        0x4 ./src/stm32f1xx_it.o
                0x080022ac                DebugMon_Handler
 .text.SysTick_Handler
                0x080022b0        0xc ./src/stm32f1xx_it.o
                0x080022b0                SysTick_Handler
 .text.prvHeapInit
                0x080022bc       0x64 ./Middlewares/Third_Party/FreeRTOS/Source/portable/MemMang/heap_4.o
 .text.prvInsertBlockIntoFreeList
                0x08002320       0x58 ./Middlewares/Third_Party/FreeRTOS/Source/portable/MemMang/heap_4.o
 .text.pvPortMalloc
                0x08002378       0xd4 ./Middlewares/Third_Party/FreeRTOS/Source/portable/MemMang/heap_4.o
                0x08002378                pvPortMalloc
 .text.vPortFree
                0x0800244c       0x5c ./Middlewares/Third_Party/FreeRTOS/Source/portable/MemMang/heap_4.o
                0x0800244c                vPortFree
 .text.prvPortStartFirstTask
                0x080024a8       0x20 ./Middlewares/Third_Party/FreeRTOS/Source/portable/GCC/ARM_CM3/port.o
 .text.pxPortInitialiseStack
                0x080024c8       0x20 ./Middlewares/Third_Party/FreeRTOS/Source/portable/GCC/ARM_CM3/port.o
                0x080024c8                pxPortInitialiseStack
 .text.SVC_Handler
                0x080024e8       0x24 ./Middlewares/Third_Party/FreeRTOS/Source/portable/GCC/ARM_CM3/port.o
                0x080024e8                SVC_Handler
 .text.vPortYield
                0x0800250c       0x18 ./Middlewares/Third_Party/FreeRTOS/Source/portable/GCC/ARM_CM3/port.o
                0x0800250c                vPortYield
 .text.ulPortSetInterruptMask
                0x08002524       0x10 ./Middlewares/Third_Party/FreeRTOS/Source/portable/GCC/ARM_CM3/port.o
                0x08002524                ulPortSetInterruptMask
 .text.prvTaskExitError
                0x08002534       0x1c ./Middlewares/Third_Party/FreeRTOS/Source/portable/GCC/ARM_CM3/port.o
 .text.vPortEnterCritical
                0x08002550       0x34 ./Middlewares/Third_Party/FreeRTOS/Source/portable/GCC/ARM_CM3/port.o
                0x08002550                vPortEnterCritical
 .text.vPortClearInterruptMask
                0x08002584        0x8 ./Middlewares/Third_Party/FreeRTOS/Source/portable/GCC/ARM_CM3/port.o
                0x08002584                vPortClearInterruptMask
 .text.vPortExitCritical
                0x0800258c       0x24 ./Middlewares/Third_Party/FreeRTOS/Source/portable/GCC/ARM_CM3/port.o
                0x0800258c                vPortExitCritical
 .text.PendSV_Handler
                0x080025b0       0x44 ./Middlewares/Third_Party/FreeRTOS/Source/portable/GCC/ARM_CM3/port.o
                0x080025b0                PendSV_Handler
 .text.xPortSysTickHandler
                0x080025f4       0x20 ./Middlewares/Third_Party/FreeRTOS/Source/portable/GCC/ARM_CM3/port.o
                0x080025f4                xPortSysTickHandler
 .text.vPortSetupTimerInterrupt
                0x08002614       0x28 ./Middlewares/Third_Party/FreeRTOS/Source/portable/GCC/ARM_CM3/port.o
                0x08002614                vPortSetupTimerInterrupt
 .text.xPortStartScheduler
                0x0800263c       0x94 ./Middlewares/Third_Party/FreeRTOS/Source/portable/GCC/ARM_CM3/port.o
                0x0800263c                xPortStartScheduler
 .text.osSystickHandler
                0x080026d0       0x10 ./Middlewares/Third_Party/FreeRTOS/Source/CMSIS_RTOS/cmsis_os.o
                0x080026d0                osSystickHandler
 .text.vListInitialise
                0x080026e0       0x18 ./Middlewares/Third_Party/FreeRTOS/Source/list.o
                0x080026e0                vListInitialise
 .text.vListInitialiseItem
                0x080026f8        0x8 ./Middlewares/Third_Party/FreeRTOS/Source/list.o
                0x080026f8                vListInitialiseItem
 .text.vListInsertEnd
                0x08002700       0x18 ./Middlewares/Third_Party/FreeRTOS/Source/list.o
                0x08002700                vListInsertEnd
 .text.vListInsert
                0x08002718       0x34 ./Middlewares/Third_Party/FreeRTOS/Source/list.o
                0x08002718                vListInsert
 .text.uxListRemove
                0x0800274c       0x24 ./Middlewares/Third_Party/FreeRTOS/Source/list.o
                0x0800274c                uxListRemove
 .text.prvResetNextTaskUnblockTime
                0x08002770       0x34 ./Middlewares/Third_Party/FreeRTOS/Source/tasks.o
 .text.prvAllocateTCBAndStack
                0x080027a4       0x2c ./Middlewares/Third_Party/FreeRTOS/Source/tasks.o
 .text.prvDeleteTCB
                0x080027d0       0x14 ./Middlewares/Third_Party/FreeRTOS/Source/tasks.o
 .text.prvInitialiseTCBVariables
                0x080027e4       0x50 ./Middlewares/Third_Party/FreeRTOS/Source/tasks.o
 .text.prvInitialiseTaskLists
                0x08002834       0x64 ./Middlewares/Third_Party/FreeRTOS/Source/tasks.o
 .text.prvAddCurrentTaskToDelayedList
                0x08002898       0x54 ./Middlewares/Third_Party/FreeRTOS/Source/tasks.o
 .text.xTaskGenericCreate
                0x080028ec      0x10c ./Middlewares/Third_Party/FreeRTOS/Source/tasks.o
                0x080028ec                xTaskGenericCreate
 .text.vTaskStartScheduler
                0x080029f8       0x5c ./Middlewares/Third_Party/FreeRTOS/Source/tasks.o
                0x080029f8                vTaskStartScheduler
 .text.vTaskSuspendAll
                0x08002a54       0x10 ./Middlewares/Third_Party/FreeRTOS/Source/tasks.o
                0x08002a54                vTaskSuspendAll
 .text.xTaskIncrementTick
                0x08002a64      0x118 ./Middlewares/Third_Party/FreeRTOS/Source/tasks.o
                0x08002a64                xTaskIncrementTick
 .text.xTaskResumeAll
                0x08002b7c       0xdc ./Middlewares/Third_Party/FreeRTOS/Source/tasks.o
                0x08002b7c                xTaskResumeAll
 .text.vTaskDelay
                0x08002c58       0x64 ./Middlewares/Third_Party/FreeRTOS/Source/tasks.o
                0x08002c58                vTaskDelay
 .text.prvCheckTasksWaitingTermination
                0x08002cbc       0x54 ./Middlewares/Third_Party/FreeRTOS/Source/tasks.o
 .text.prvIdleTask
                0x08002d10       0x18 ./Middlewares/Third_Party/FreeRTOS/Source/tasks.o
 .text.vTaskSwitchContext
                0x08002d28       0x70 ./Middlewares/Third_Party/FreeRTOS/Source/tasks.o
                0x08002d28                vTaskSwitchContext
 .text.xTaskGetSchedulerState
                0x08002d98       0x20 ./Middlewares/Third_Party/FreeRTOS/Source/tasks.o
                0x08002d98                xTaskGetSchedulerState
 .text.__errno  0x08002db8        0xc c:/stm32toolchain/gnu-arm/4.8-2014q3/bin/../lib/gcc/arm-none-eabi/4.8.4/../../../../arm-none-eabi/lib/armv7-m\libg_s.a(lib_a-errno.o)
                0x08002db8                __errno
 .text.memcpy   0x08002dc4       0x12 c:/stm32toolchain/gnu-arm/4.8-2014q3/bin/../lib/gcc/arm-none-eabi/4.8.4/../../../../arm-none-eabi/lib/armv7-m\libg_s.a(lib_a-memcpy-stub.o)
                0x08002dc4                memcpy
 *fill*         0x08002dd6        0x2 
 .text.sprintf  0x08002dd8       0x48 c:/stm32toolchain/gnu-arm/4.8-2014q3/bin/../lib/gcc/arm-none-eabi/4.8.4/../../../../arm-none-eabi/lib/armv7-m\libg_s.a(lib_a-sprintf.o)
                0x08002dd8                siprintf
                0x08002dd8                sprintf
 .text.strlen   0x08002e20       0x10 c:/stm32toolchain/gnu-arm/4.8-2014q3/bin/../lib/gcc/arm-none-eabi/4.8.4/../../../../arm-none-eabi/lib/armv7-m\libg_s.a(lib_a-strlen.o)
                0x08002e20                strlen
 .text.__ssputs_r
                0x08002e30       0xb8 c:/stm32toolchain/gnu-arm/4.8-2014q3/bin/../lib/gcc/arm-none-eabi/4.8.4/../../../../arm-none-eabi/lib/armv7-m\libg_s.a(lib_a-svfprintf.o)
                0x08002e30                __ssputs_r
 .text._svfprintf_r
                0x08002ee8      0x1d8 c:/stm32toolchain/gnu-arm/4.8-2014q3/bin/../lib/gcc/arm-none-eabi/4.8.4/../../../../arm-none-eabi/lib/armv7-m\libg_s.a(lib_a-svfprintf.o)
                0x08002ee8                _svfiprintf_r
                0x08002ee8                _svfprintf_r
 .text._printf_common
                0x080030c0       0xe4 c:/stm32toolchain/gnu-arm/4.8-2014q3/bin/../lib/gcc/arm-none-eabi/4.8.4/../../../../arm-none-eabi/lib/armv7-m\libg_s.a(lib_a-vfprintf_i.o)
                0x080030c0                _printf_common
 .text._printf_i
                0x080031a4      0x228 c:/stm32toolchain/gnu-arm/4.8-2014q3/bin/../lib/gcc/arm-none-eabi/4.8.4/../../../../arm-none-eabi/lib/armv7-m\libg_s.a(lib_a-vfprintf_i.o)
                0x080031a4                _printf_i
 .text._vsnprintf_r
                0x080033cc       0x52 c:/stm32toolchain/gnu-arm/4.8-2014q3/bin/../lib/gcc/arm-none-eabi/4.8.4/../../../../arm-none-eabi/lib/armv7-m\libg_s.a(lib_a-vsnprintf.o)
                0x080033cc                _vsniprintf_r
                0x080033cc                _vsnprintf_r
 *fill*         0x0800341e        0x2 
 .text.vsnprintf
                0x08003420       0x20 c:/stm32toolchain/gnu-arm/4.8-2014q3/bin/../lib/gcc/arm-none-eabi/4.8.4/../../../../arm-none-eabi/lib/armv7-m\libg_s.a(lib_a-vsnprintf.o)
                0x08003420                vsniprintf
                0x08003420                vsnprintf
 .text.memchr   0x08003440       0x1c c:/stm32toolchain/gnu-arm/4.8-2014q3/bin/../lib/gcc/arm-none-eabi/4.8.4/../../../../arm-none-eabi/lib/armv7-m\libg_s.a(lib_a-memchr-stub.o)
                0x08003440                memchr
 .text.memmove  0x0800345c       0x36 c:/stm32toolchain/gnu-arm/4.8-2014q3/bin/../lib/gcc/arm-none-eabi/4.8.4/../../../../arm-none-eabi/lib/armv7-m\libg_s.a(lib_a-memmove.o)
                0x0800345c                memmove
 *fill*         0x08003492        0x2 
 .text._free_r  0x08003494       0x88 c:/stm32toolchain/gnu-arm/4.8-2014q3/bin/../lib/gcc/arm-none-eabi/4.8.4/../../../../arm-none-eabi/lib/armv7-m\libg_s.a(lib_a-nano-freer.o)
                0x08003494                _free_r
 .text._malloc_r
                0x0800351c       0xa8 c:/stm32toolchain/gnu-arm/4.8-2014q3/bin/../lib/gcc/arm-none-eabi/4.8.4/../../../../arm-none-eabi/lib/armv7-m\libg_s.a(lib_a-nano-mallocr.o)
                0x0800351c                _malloc_r
 .text._realloc_r
                0x080035c4       0x4c c:/stm32toolchain/gnu-arm/4.8-2014q3/bin/../lib/gcc/arm-none-eabi/4.8.4/../../../../arm-none-eabi/lib/armv7-m\libg_s.a(lib_a-nano-reallocr.o)
                0x080035c4                _realloc_r
 .text._sbrk_r  0x08003610       0x20 c:/stm32toolchain/gnu-arm/4.8-2014q3/bin/../lib/gcc/arm-none-eabi/4.8.4/../../../../arm-none-eabi/lib/armv7-m\libg_s.a(lib_a-sbrkr.o)
                0x08003610                _sbrk_r
 .text._malloc_usable_size_r
                0x08003630       0x12 c:/stm32toolchain/gnu-arm/4.8-2014q3/bin/../lib/gcc/arm-none-eabi/4.8.4/../../../../arm-none-eabi/lib/armv7-m\libg_s.a(lib_a-nano-msizer.o)
                0x08003630                _malloc_usable_size_r
 *(.rodata .rodata.* .constdata .constdata.*)
 *fill*         0x08003642        0x2 
 .rodata        0x08003644       0x14 ./system/src/stm32f1xx/stm32f1xx_hal_rcc.o
 .rodata.str1.4
                0x08003658      0x146 ./system/src/cortexm/exception_handlers.o
                                0x148 (size before relaxing)
 *fill*         0x0800379e        0x2 
 .rodata.AHBPrescTable
                0x080037a0       0x10 ./system/src/cmsis/system_stm32f1xx.o
                0x080037a0                AHBPrescTable
 .rodata.APBPrescTable
                0x080037b0        0x8 ./system/src/cmsis/system_stm32f1xx.o
                0x080037b0                APBPrescTable
 .rodata.str1.4
                0x080037b8       0x90 ./src/main.o
 .rodata.str1.4
                0x08003848        0x8 ./Middlewares/Third_Party/FreeRTOS/Source/tasks.o
 .rodata.str1.1
                0x08003850        0x2 c:/stm32toolchain/gnu-arm/4.8-2014q3/bin/../lib/gcc/arm-none-eabi/4.8.4/../../../../arm-none-eabi/lib/armv7-m\libg_s.a(lib_a-impure.o)
 .rodata.str1.1
                0x08003852       0x11 c:/stm32toolchain/gnu-arm/4.8-2014q3/bin/../lib/gcc/arm-none-eabi/4.8.4/../../../../arm-none-eabi/lib/armv7-m\libg_s.a(lib_a-svfprintf.o)
 .rodata.str1.1
                0x08003863       0x22 c:/stm32toolchain/gnu-arm/4.8-2014q3/bin/../lib/gcc/arm-none-eabi/4.8.4/../../../../arm-none-eabi/lib/armv7-m\libg_s.a(lib_a-vfprintf_i.o)
 *(vtable)
 *(.eh_frame*)
 *(.glue_7)
 .glue_7        0x00000000        0x0 linker stubs
 *(.glue_7t)
 .glue_7t       0x00000000        0x0 linker stubs

.vfp11_veneer   0x08003888        0x0
 .vfp11_veneer  0x00000000        0x0 linker stubs

.v4_bx          0x08003888        0x0
 .v4_bx         0x00000000        0x0 linker stubs

.iplt           0x08003888        0x0
 .iplt          0x00000000        0x0 ./system/src/stm32f1xx/stm32f1xx_hal.o

.rel.dyn        0x08003888        0x0
 .rel.iplt      0x00000000        0x0 ./system/src/stm32f1xx/stm32f1xx_hal.o

.ARM.extab
 *(.ARM.extab* .gnu.linkonce.armextab.*)
                0x08003888                . = ALIGN (0x4)
                0x08003888                __exidx_start = .

.ARM.exidx
 *(.ARM.exidx* .gnu.linkonce.armexidx.*)
                0x08003888                __exidx_end = .
                0x08003888                . = ALIGN (0x4)
                0x08003888                _etext = .
                0x08003888                __etext = .

.data_CCMRAM    0x10000000        0x0 load address 0x08003888
 FILL mask 0xff
 *(.data.CCMRAM .data.CCMRAM.*)
                0x10000000                . = ALIGN (0x4)
                0x08003888                _sidata = LOADADDR (.data)

.data           0x20000000       0x7c load address 0x08003888
 FILL mask 0xff
                0x20000000                _sdata = .
                0x20000000                __data_start__ = .
 *(.data_begin .data_begin.*)
 .data_begin    0x20000000        0x4 ./system/src/newlib/_startup.o
 *(.data .data.*)
 .data.argv.4015
                0x20000004        0x8 ./system/src/newlib/_syscalls.o
 .data.SystemCoreClock
                0x2000000c        0x4 ./system/src/cmsis/system_stm32f1xx.o
                0x2000000c                SystemCoreClock
 .data.uxCriticalNesting
                0x20000010        0x4 ./Middlewares/Third_Party/FreeRTOS/Source/portable/GCC/ARM_CM3/port.o
 .data.impure_data
                0x20000014       0x60 c:/stm32toolchain/gnu-arm/4.8-2014q3/bin/../lib/gcc/arm-none-eabi/4.8.4/../../../../arm-none-eabi/lib/armv7-m\libg_s.a(lib_a-impure.o)
 .data._impure_ptr
                0x20000074        0x4 c:/stm32toolchain/gnu-arm/4.8-2014q3/bin/../lib/gcc/arm-none-eabi/4.8.4/../../../../arm-none-eabi/lib/armv7-m\libg_s.a(lib_a-impure.o)
                0x20000074                _impure_ptr
 *(.data_end .data_end.*)
 .data_end      0x20000078        0x4 ./system/src/newlib/_startup.o
                0x2000007c                . = ALIGN (0x4)
                0x2000007c                _edata = .
                0x2000007c                __data_end__ = .

.igot.plt       0x2000007c        0x0 load address 0x08003904
 .igot.plt      0x00000000        0x0 ./system/src/stm32f1xx/stm32f1xx_hal.o

.bss_CCMRAM     0x10000000        0x0
 *(.bss.CCMRAM .bss.CCMRAM.*)

.bss            0x2000007c      0xf44
                0x2000007c                __bss_start__ = .
                0x2000007c                _sbss = .
 *(.bss_begin .bss_begin.*)
 .bss_begin     0x2000007c        0x4 ./system/src/newlib/_startup.o
 *(.bss .bss.*)
 .bss.uwTick    0x20000080        0x4 ./system/src/stm32f1xx/stm32f1xx_hal.o
 .bss.uCRCErrorWorkaroundCheck
                0x20000084        0x1 ./system/src/stm32f1xx/stm32f1xx_hal_spi_ex.o
                0x20000084                uCRCErrorWorkaroundCheck
 *fill*         0x20000085        0x3 
 .bss.current_heap_end.3842
                0x20000088        0x4 ./system/src/newlib/_sbrk.o
 .bss.name.4014
                0x2000008c        0x4 ./system/src/newlib/_syscalls.o
 .bss.buf.4905  0x20000090       0x80 ./system/src/diag/Trace.o
 .bss.RxMessage.6747
                0x20000110       0x24 ./src/main.o
 .bss.TxMessage.6746
                0x20000134       0x1c ./src/main.o
 .bss.xFreeBytesRemaining
                0x20000150        0x4 ./Middlewares/Third_Party/FreeRTOS/Source/portable/MemMang/heap_4.o
 .bss.pxEnd     0x20000154        0x4 ./Middlewares/Third_Party/FreeRTOS/Source/portable/MemMang/heap_4.o
 .bss.xStart    0x20000158        0x8 ./Middlewares/Third_Party/FreeRTOS/Source/portable/MemMang/heap_4.o
 .bss.ucHeap    0x20000160      0xc00 ./Middlewares/Third_Party/FreeRTOS/Source/portable/MemMang/heap_4.o
 .bss.xBlockAllocatedBit
                0x20000d60        0x4 ./Middlewares/Third_Party/FreeRTOS/Source/portable/MemMang/heap_4.o
 .bss.xMinimumEverFreeBytesRemaining
                0x20000d64        0x4 ./Middlewares/Third_Party/FreeRTOS/Source/portable/MemMang/heap_4.o
 .bss.ucMaxSysCallPriority
                0x20000d68        0x1 ./Middlewares/Third_Party/FreeRTOS/Source/portable/GCC/ARM_CM3/port.o
 *fill*         0x20000d69        0x3 
 .bss.ulMaxPRIGROUPValue
                0x20000d6c        0x4 ./Middlewares/Third_Party/FreeRTOS/Source/portable/GCC/ARM_CM3/port.o
 .bss.pxDelayedTaskList
                0x20000d70        0x4 ./Middlewares/Third_Party/FreeRTOS/Source/tasks.o
 .bss.xSchedulerRunning
                0x20000d74        0x4 ./Middlewares/Third_Party/FreeRTOS/Source/tasks.o
 .bss.uxTasksDeleted
                0x20000d78        0x4 ./Middlewares/Third_Party/FreeRTOS/Source/tasks.o
 .bss.xTasksWaitingTermination
                0x20000d7c       0x14 ./Middlewares/Third_Party/FreeRTOS/Source/tasks.o
 .bss.uxPendedTicks
                0x20000d90        0x4 ./Middlewares/Third_Party/FreeRTOS/Source/tasks.o
 .bss.pxReadyTasksLists
                0x20000d94       0x8c ./Middlewares/Third_Party/FreeRTOS/Source/tasks.o
 .bss.uxSchedulerSuspended
                0x20000e20        0x4 ./Middlewares/Third_Party/FreeRTOS/Source/tasks.o
 .bss.uxCurrentNumberOfTasks
                0x20000e24        0x4 ./Middlewares/Third_Party/FreeRTOS/Source/tasks.o
 .bss.pxCurrentTCB
                0x20000e28        0x4 ./Middlewares/Third_Party/FreeRTOS/Source/tasks.o
                0x20000e28                pxCurrentTCB
 .bss.xNextTaskUnblockTime
                0x20000e2c        0x4 ./Middlewares/Third_Party/FreeRTOS/Source/tasks.o
 .bss.xNumOfOverflows
                0x20000e30        0x4 ./Middlewares/Third_Party/FreeRTOS/Source/tasks.o
 .bss.xTickCount
                0x20000e34        0x4 ./Middlewares/Third_Party/FreeRTOS/Source/tasks.o
 .bss.pxOverflowDelayedTaskList
                0x20000e38        0x4 ./Middlewares/Third_Party/FreeRTOS/Source/tasks.o
 .bss.xPendingReadyList
                0x20000e3c       0x14 ./Middlewares/Third_Party/FreeRTOS/Source/tasks.o
 .bss.uxTaskNumber
                0x20000e50        0x4 ./Middlewares/Third_Party/FreeRTOS/Source/tasks.o
 .bss.xDelayedTaskList1
                0x20000e54       0x14 ./Middlewares/Third_Party/FreeRTOS/Source/tasks.o
 .bss.xDelayedTaskList2
                0x20000e68       0x14 ./Middlewares/Third_Party/FreeRTOS/Source/tasks.o
 .bss.xSuspendedTaskList
                0x20000e7c       0x14 ./Middlewares/Third_Party/FreeRTOS/Source/tasks.o
 .bss.uxTopReadyPriority
                0x20000e90        0x4 ./Middlewares/Third_Party/FreeRTOS/Source/tasks.o
 .bss.xYieldPending
                0x20000e94        0x4 ./Middlewares/Third_Party/FreeRTOS/Source/tasks.o
 .bss.__malloc_sbrk_start
                0x20000e98        0x4 c:/stm32toolchain/gnu-arm/4.8-2014q3/bin/../lib/gcc/arm-none-eabi/4.8.4/../../../../arm-none-eabi/lib/armv7-m\libg_s.a(lib_a-nano-mallocr.o)
                0x20000e98                __malloc_sbrk_start
 .bss.__malloc_free_list
                0x20000e9c        0x4 c:/stm32toolchain/gnu-arm/4.8-2014q3/bin/../lib/gcc/arm-none-eabi/4.8.4/../../../../arm-none-eabi/lib/armv7-m\libg_s.a(lib_a-nano-mallocr.o)
                0x20000e9c                __malloc_free_list
 *(COMMON)
 COMMON         0x20000ea0        0x4 ./system/src/newlib/_syscalls.o
                0x20000ea0                errno
 COMMON         0x20000ea4      0x118 ./src/main.o
                0x20000ea4                hspi2
                0x20000efc                hcan
                0x20000f3c                huart1
                0x20000f7c                huart2
 *(.bss_end .bss_end.*)
 .bss_end       0x20000fbc        0x4 ./system/src/newlib/_startup.o
                0x20000fc0                . = ALIGN (0x4)
                0x20000fc0                __bss_end__ = .
                0x20000fc0                _ebss = .

.noinit_CCMRAM
 *(.noinit.CCMRAM .noinit.CCMRAM.*)

.noinit         0x20000fc0        0x0
                0x20000fc0                _noinit = .
 *(.noinit .noinit.*)
                0x20000fc0                . = ALIGN (0x4)
                0x20000fc0                _end_noinit = .
                0x20000fc0                PROVIDE (end, _end_noinit)
                0x20000fc0                PROVIDE (_end, _end_noinit)
                0x20000fc0                PROVIDE (__end, _end_noinit)
                0x20000fc0                PROVIDE (__end__, _end_noinit)

._check_stack   0x20000fc0      0x100
                0x200010c0                . = (. + _Minimum_Stack_Size)
 *fill*         0x20000fc0      0x100 

.b1text
 *(.b1text)
 *(.b1rodata)
 *(.b1rodata.*)

.eb0text
 *(.eb0text)
 *(.eb0rodata)
 *(.eb0rodata.*)

.eb1text
 *(.eb1text)
 *(.eb1rodata)
 *(.eb1rodata.*)

.eb2text
 *(.eb2text)
 *(.eb2rodata)
 *(.eb2rodata.*)

.eb3text
 *(.eb3text)
 *(.eb3rodata)
 *(.eb3rodata.*)

.stab
 *(.stab)

.stabstr
 *(.stabstr)

.stab.excl
 *(.stab.excl)

.stab.exclstr
 *(.stab.exclstr)

.stab.index
 *(.stab.index)

.stab.indexstr
 *(.stab.indexstr)

.comment        0x00000000       0x70
 *(.comment)
 .comment       0x00000000       0x70 ./system/src/stm32f1xx/stm32f1xx_hal.o
                                 0x71 (size before relaxing)
 .comment       0x00000000       0x71 ./system/src/stm32f1xx/stm32f1xx_hal_can.o
 .comment       0x00000000       0x71 ./system/src/stm32f1xx/stm32f1xx_hal_cortex.o
 .comment       0x00000000       0x71 ./system/src/stm32f1xx/stm32f1xx_hal_gpio.o
 .comment       0x00000000       0x71 ./system/src/stm32f1xx/stm32f1xx_hal_rcc.o
 .comment       0x00000000       0x71 ./system/src/stm32f1xx/stm32f1xx_hal_spi_ex.o
 .comment       0x00000000       0x71 ./system/src/stm32f1xx/stm32f1xx_hal_uart.o
 .comment       0x00000000       0x71 ./system/src/newlib/_exit.o
 .comment       0x00000000       0x71 ./system/src/newlib/_sbrk.o
 .comment       0x00000000       0x71 ./system/src/newlib/_startup.o
 .comment       0x00000000       0x71 ./system/src/newlib/_syscalls.o
 .comment       0x00000000       0x71 ./system/src/diag/Trace.o
 .comment       0x00000000       0x71 ./system/src/diag/trace_impl.o
 .comment       0x00000000       0x71 ./system/src/cortexm/_initialize_hardware.o
 .comment       0x00000000       0x71 ./system/src/cortexm/exception_handlers.o
 .comment       0x00000000       0x71 ./system/src/cmsis/system_stm32f1xx.o
 .comment       0x00000000       0x71 ./src/main.o
 .comment       0x00000000       0x71 ./src/stm32f1xx_hal_msp.o
 .comment       0x00000000       0x71 ./src/stm32f1xx_it.o
 .comment       0x00000000       0x71 ./Middlewares/Third_Party/FreeRTOS/Source/portable/MemMang/heap_4.o
 .comment       0x00000000       0x71 ./Middlewares/Third_Party/FreeRTOS/Source/portable/GCC/ARM_CM3/port.o
 .comment       0x00000000       0x71 ./Middlewares/Third_Party/FreeRTOS/Source/CMSIS_RTOS/cmsis_os.o
 .comment       0x00000000       0x71 ./Middlewares/Third_Party/FreeRTOS/Source/list.o
 .comment       0x00000000       0x71 ./Middlewares/Third_Party/FreeRTOS/Source/tasks.o

.ARM.attributes
                0x00000000       0x31
 .ARM.attributes
                0x00000000       0x33 ./system/src/stm32f1xx/stm32f1xx_hal.o
 .ARM.attributes
                0x00000033       0x33 ./system/src/stm32f1xx/stm32f1xx_hal_can.o
 .ARM.attributes
                0x00000066       0x33 ./system/src/stm32f1xx/stm32f1xx_hal_cortex.o
 .ARM.attributes
                0x00000099       0x33 ./system/src/stm32f1xx/stm32f1xx_hal_gpio.o
 .ARM.attributes
                0x000000cc       0x33 ./system/src/stm32f1xx/stm32f1xx_hal_rcc.o
 .ARM.attributes
                0x000000ff       0x33 ./system/src/stm32f1xx/stm32f1xx_hal_spi_ex.o
 .ARM.attributes
                0x00000132       0x33 ./system/src/stm32f1xx/stm32f1xx_hal_uart.o
 .ARM.attributes
                0x00000165       0x33 ./system/src/newlib/_exit.o
 .ARM.attributes
                0x00000198       0x33 ./system/src/newlib/_sbrk.o
 .ARM.attributes
                0x000001cb       0x33 ./system/src/newlib/_startup.o
 .ARM.attributes
                0x000001fe       0x33 ./system/src/newlib/_syscalls.o
 .ARM.attributes
                0x00000231       0x33 ./system/src/diag/Trace.o
 .ARM.attributes
                0x00000264       0x33 ./system/src/diag/trace_impl.o
 .ARM.attributes
                0x00000297       0x33 ./system/src/cortexm/_initialize_hardware.o
 .ARM.attributes
                0x000002ca       0x33 ./system/src/cortexm/exception_handlers.o
 .ARM.attributes
                0x000002fd       0x21 ./system/src/cmsis/startup_stm32f103xb.o
 .ARM.attributes
                0x0000031e       0x33 ./system/src/cmsis/system_stm32f1xx.o
 .ARM.attributes
                0x00000351       0x33 ./src/main.o
 .ARM.attributes
                0x00000384       0x33 ./src/stm32f1xx_hal_msp.o
 .ARM.attributes
                0x000003b7       0x33 ./src/stm32f1xx_it.o
 .ARM.attributes
                0x000003ea       0x33 ./Middlewares/Third_Party/FreeRTOS/Source/portable/MemMang/heap_4.o
 .ARM.attributes
                0x0000041d       0x33 ./Middlewares/Third_Party/FreeRTOS/Source/portable/GCC/ARM_CM3/port.o
 .ARM.attributes
                0x00000450       0x33 ./Middlewares/Third_Party/FreeRTOS/Source/CMSIS_RTOS/cmsis_os.o
 .ARM.attributes
                0x00000483       0x33 ./Middlewares/Third_Party/FreeRTOS/Source/list.o
 .ARM.attributes
                0x000004b6       0x33 ./Middlewares/Third_Party/FreeRTOS/Source/tasks.o
 .ARM.attributes
                0x000004e9       0x2d c:/stm32toolchain/gnu-arm/4.8-2014q3/bin/../lib/gcc/arm-none-eabi/4.8.4/../../../../arm-none-eabi/lib/armv7-m\libg_s.a(lib_a-errno.o)
 .ARM.attributes
                0x00000516       0x2d c:/stm32toolchain/gnu-arm/4.8-2014q3/bin/../lib/gcc/arm-none-eabi/4.8.4/../../../../arm-none-eabi/lib/armv7-m\libg_s.a(lib_a-impure.o)
 .ARM.attributes
                0x00000543       0x2d c:/stm32toolchain/gnu-arm/4.8-2014q3/bin/../lib/gcc/arm-none-eabi/4.8.4/../../../../arm-none-eabi/lib/armv7-m\libg_s.a(lib_a-memcpy-stub.o)
 .ARM.attributes
                0x00000570       0x2d c:/stm32toolchain/gnu-arm/4.8-2014q3/bin/../lib/gcc/arm-none-eabi/4.8.4/../../../../arm-none-eabi/lib/armv7-m\libg_s.a(lib_a-sprintf.o)
 .ARM.attributes
                0x0000059d       0x2d c:/stm32toolchain/gnu-arm/4.8-2014q3/bin/../lib/gcc/arm-none-eabi/4.8.4/../../../../arm-none-eabi/lib/armv7-m\libg_s.a(lib_a-strlen.o)
 .ARM.attributes
                0x000005ca       0x2d c:/stm32toolchain/gnu-arm/4.8-2014q3/bin/../lib/gcc/arm-none-eabi/4.8.4/../../../../arm-none-eabi/lib/armv7-m\libg_s.a(lib_a-svfprintf.o)
 .ARM.attributes
                0x000005f7       0x2d c:/stm32toolchain/gnu-arm/4.8-2014q3/bin/../lib/gcc/arm-none-eabi/4.8.4/../../../../arm-none-eabi/lib/armv7-m\libg_s.a(lib_a-vfprintf_i.o)
 .ARM.attributes
                0x00000624       0x2d c:/stm32toolchain/gnu-arm/4.8-2014q3/bin/../lib/gcc/arm-none-eabi/4.8.4/../../../../arm-none-eabi/lib/armv7-m\libg_s.a(lib_a-vsnprintf.o)
 .ARM.attributes
                0x00000651       0x2d c:/stm32toolchain/gnu-arm/4.8-2014q3/bin/../lib/gcc/arm-none-eabi/4.8.4/../../../../arm-none-eabi/lib/armv7-m\libg_s.a(lib_a-memchr-stub.o)
 .ARM.attributes
                0x0000067e       0x2d c:/stm32toolchain/gnu-arm/4.8-2014q3/bin/../lib/gcc/arm-none-eabi/4.8.4/../../../../arm-none-eabi/lib/armv7-m\libg_s.a(lib_a-memmove.o)
 .ARM.attributes
                0x000006ab       0x2d c:/stm32toolchain/gnu-arm/4.8-2014q3/bin/../lib/gcc/arm-none-eabi/4.8.4/../../../../arm-none-eabi/lib/armv7-m\libg_s.a(lib_a-nano-freer.o)
 .ARM.attributes
                0x000006d8       0x2d c:/stm32toolchain/gnu-arm/4.8-2014q3/bin/../lib/gcc/arm-none-eabi/4.8.4/../../../../arm-none-eabi/lib/armv7-m\libg_s.a(lib_a-nano-mallocr.o)
 .ARM.attributes
                0x00000705       0x2d c:/stm32toolchain/gnu-arm/4.8-2014q3/bin/../lib/gcc/arm-none-eabi/4.8.4/../../../../arm-none-eabi/lib/armv7-m\libg_s.a(lib_a-nano-reallocr.o)
 .ARM.attributes
                0x00000732       0x2d c:/stm32toolchain/gnu-arm/4.8-2014q3/bin/../lib/gcc/arm-none-eabi/4.8.4/../../../../arm-none-eabi/lib/armv7-m\libg_s.a(lib_a-sbrkr.o)
 .ARM.attributes
                0x0000075f       0x2d c:/stm32toolchain/gnu-arm/4.8-2014q3/bin/../lib/gcc/arm-none-eabi/4.8.4/../../../../arm-none-eabi/lib/armv7-m\libg_s.a(lib_a-nano-msizer.o)

.debug
 *(.debug)

.line
 *(.line)

.debug_srcinfo
 *(.debug_srcinfo)

.debug_sfnames
 *(.debug_sfnames)

.debug_aranges  0x00000000      0xbc0
 *(.debug_aranges)
 .debug_aranges
                0x00000000       0xb0 ./system/src/stm32f1xx/stm32f1xx_hal.o
 .debug_aranges
                0x000000b0       0xb0 ./system/src/stm32f1xx/stm32f1xx_hal_can.o
 .debug_aranges
                0x00000160       0x90 ./system/src/stm32f1xx/stm32f1xx_hal_cortex.o
 .debug_aranges
                0x000001f0       0x58 ./system/src/stm32f1xx/stm32f1xx_hal_gpio.o
 .debug_aranges
                0x00000248       0x88 ./system/src/stm32f1xx/stm32f1xx_hal_rcc.o
 .debug_aranges
                0x000002d0       0x28 ./system/src/stm32f1xx/stm32f1xx_hal_spi_ex.o
 .debug_aranges
                0x000002f8      0x150 ./system/src/stm32f1xx/stm32f1xx_hal_uart.o
 .debug_aranges
                0x00000448       0x28 ./system/src/newlib/_exit.o
 .debug_aranges
                0x00000470       0x20 ./system/src/newlib/_sbrk.o
 .debug_aranges
                0x00000490       0x40 ./system/src/newlib/_startup.o
 .debug_aranges
                0x000004d0       0x30 ./system/src/newlib/_syscalls.o
 .debug_aranges
                0x00000500       0x38 ./system/src/diag/Trace.o
 .debug_aranges
                0x00000538       0x28 ./system/src/diag/trace_impl.o
 .debug_aranges
                0x00000560       0x28 ./system/src/cortexm/_initialize_hardware.o
 .debug_aranges
                0x00000588       0x88 ./system/src/cortexm/exception_handlers.o
 .debug_aranges
                0x00000610       0x28 ./system/src/cmsis/startup_stm32f103xb.o
 .debug_aranges
                0x00000638       0x28 ./system/src/cmsis/system_stm32f1xx.o
 .debug_aranges
                0x00000660       0x68 ./src/main.o
 .debug_aranges
                0x000006c8       0x50 ./src/stm32f1xx_hal_msp.o
 .debug_aranges
                0x00000718       0x50 ./src/stm32f1xx_it.o
 .debug_aranges
                0x00000768       0x50 ./Middlewares/Third_Party/FreeRTOS/Source/portable/MemMang/heap_4.o
 .debug_aranges
                0x000007b8       0x90 ./Middlewares/Third_Party/FreeRTOS/Source/portable/GCC/ARM_CM3/port.o
 .debug_aranges
                0x00000848      0x1b0 ./Middlewares/Third_Party/FreeRTOS/Source/CMSIS_RTOS/cmsis_os.o
 .debug_aranges
                0x000009f8       0x40 ./Middlewares/Third_Party/FreeRTOS/Source/list.o
 .debug_aranges
                0x00000a38      0x188 ./Middlewares/Third_Party/FreeRTOS/Source/tasks.o

.debug_pubnames
 *(.debug_pubnames)

.debug_info     0x00000000     0xdb08
 *(.debug_info .gnu.linkonce.wi.*)
 .debug_info    0x00000000      0x6a5 ./system/src/stm32f1xx/stm32f1xx_hal.o
 .debug_info    0x000006a5      0xb67 ./system/src/stm32f1xx/stm32f1xx_hal_can.o
 .debug_info    0x0000120c      0xbff ./system/src/stm32f1xx/stm32f1xx_hal_cortex.o
 .debug_info    0x00001e0b      0x5db ./system/src/stm32f1xx/stm32f1xx_hal_gpio.o
 .debug_info    0x000023e6     0x1317 ./system/src/stm32f1xx/stm32f1xx_hal_rcc.o
 .debug_info    0x000036fd      0x573 ./system/src/stm32f1xx/stm32f1xx_hal_spi_ex.o
 .debug_info    0x00003c70     0x10ce ./system/src/stm32f1xx/stm32f1xx_hal_uart.o
 .debug_info    0x00004d3e      0x100 ./system/src/newlib/_exit.o
 .debug_info    0x00004e3e      0x125 ./system/src/newlib/_sbrk.o
 .debug_info    0x00004f63      0x475 ./system/src/newlib/_startup.o
 .debug_info    0x000053d8      0x1bc ./system/src/newlib/_syscalls.o
 .debug_info    0x00005594      0x32b ./system/src/diag/Trace.o
 .debug_info    0x000058bf      0x114 ./system/src/diag/trace_impl.o
 .debug_info    0x000059d3      0x294 ./system/src/cortexm/_initialize_hardware.o
 .debug_info    0x00005c67      0x796 ./system/src/cortexm/exception_handlers.o
 .debug_info    0x000063fd       0x85 ./system/src/cmsis/startup_stm32f103xb.o
 .debug_info    0x00006482      0x39e ./system/src/cmsis/system_stm32f1xx.o
 .debug_info    0x00006820     0x1c30 ./src/main.o
 .debug_info    0x00008450     0x125c ./src/stm32f1xx_hal_msp.o
 .debug_info    0x000096ac      0x13f ./src/stm32f1xx_it.o
 .debug_info    0x000097eb      0x39f ./Middlewares/Third_Party/FreeRTOS/Source/portable/MemMang/heap_4.o
 .debug_info    0x00009b8a      0x3d7 ./Middlewares/Third_Party/FreeRTOS/Source/portable/GCC/ARM_CM3/port.o
 .debug_info    0x00009f61     0x1b9c ./Middlewares/Third_Party/FreeRTOS/Source/CMSIS_RTOS/cmsis_os.o
 .debug_info    0x0000bafd      0x29a ./Middlewares/Third_Party/FreeRTOS/Source/list.o
 .debug_info    0x0000bd97     0x1d71 ./Middlewares/Third_Party/FreeRTOS/Source/tasks.o

.debug_abbrev   0x00000000     0x2987
 *(.debug_abbrev)
 .debug_abbrev  0x00000000      0x258 ./system/src/stm32f1xx/stm32f1xx_hal.o
 .debug_abbrev  0x00000258      0x206 ./system/src/stm32f1xx/stm32f1xx_hal_can.o
 .debug_abbrev  0x0000045e      0x28e ./system/src/stm32f1xx/stm32f1xx_hal_cortex.o
 .debug_abbrev  0x000006ec      0x1cb ./system/src/stm32f1xx/stm32f1xx_hal_gpio.o
 .debug_abbrev  0x000008b7      0x2d8 ./system/src/stm32f1xx/stm32f1xx_hal_rcc.o
 .debug_abbrev  0x00000b8f      0x15e ./system/src/stm32f1xx/stm32f1xx_hal_spi_ex.o
 .debug_abbrev  0x00000ced      0x250 ./system/src/stm32f1xx/stm32f1xx_hal_uart.o
 .debug_abbrev  0x00000f3d       0xa4 ./system/src/newlib/_exit.o
 .debug_abbrev  0x00000fe1       0xbb ./system/src/newlib/_sbrk.o
 .debug_abbrev  0x0000109c      0x1e9 ./system/src/newlib/_startup.o
 .debug_abbrev  0x00001285       0xee ./system/src/newlib/_syscalls.o
 .debug_abbrev  0x00001373      0x178 ./system/src/diag/Trace.o
 .debug_abbrev  0x000014eb       0xb4 ./system/src/diag/trace_impl.o
 .debug_abbrev  0x0000159f       0xea ./system/src/cortexm/_initialize_hardware.o
 .debug_abbrev  0x00001689      0x1d6 ./system/src/cortexm/exception_handlers.o
 .debug_abbrev  0x0000185f       0x12 ./system/src/cmsis/startup_stm32f103xb.o
 .debug_abbrev  0x00001871      0x123 ./system/src/cmsis/system_stm32f1xx.o
 .debug_abbrev  0x00001994      0x2be ./src/main.o
 .debug_abbrev  0x00001c52      0x1eb ./src/stm32f1xx_hal_msp.o
 .debug_abbrev  0x00001e3d       0xa0 ./src/stm32f1xx_it.o
 .debug_abbrev  0x00001edd      0x1d4 ./Middlewares/Third_Party/FreeRTOS/Source/portable/MemMang/heap_4.o
 .debug_abbrev  0x000020b1      0x1fb ./Middlewares/Third_Party/FreeRTOS/Source/portable/GCC/ARM_CM3/port.o
 .debug_abbrev  0x000022ac      0x32c ./Middlewares/Third_Party/FreeRTOS/Source/CMSIS_RTOS/cmsis_os.o
 .debug_abbrev  0x000025d8       0xdf ./Middlewares/Third_Party/FreeRTOS/Source/list.o
 .debug_abbrev  0x000026b7      0x2d0 ./Middlewares/Third_Party/FreeRTOS/Source/tasks.o

.debug_line     0x00000000     0x837d
 *(.debug_line)
 .debug_line    0x00000000      0x644 ./system/src/stm32f1xx/stm32f1xx_hal.o
 .debug_line    0x00000644      0x8dd ./system/src/stm32f1xx/stm32f1xx_hal_can.o
 .debug_line    0x00000f21      0x681 ./system/src/stm32f1xx/stm32f1xx_hal_cortex.o
 .debug_line    0x000015a2      0x656 ./system/src/stm32f1xx/stm32f1xx_hal_gpio.o
 .debug_line    0x00001bf8      0xa78 ./system/src/stm32f1xx/stm32f1xx_hal_rcc.o
 .debug_line    0x00002670      0x522 ./system/src/stm32f1xx/stm32f1xx_hal_spi_ex.o
 .debug_line    0x00002b92      0xb55 ./system/src/stm32f1xx/stm32f1xx_hal_uart.o
 .debug_line    0x000036e7      0x263 ./system/src/newlib/_exit.o
 .debug_line    0x0000394a      0x214 ./system/src/newlib/_sbrk.o
 .debug_line    0x00003b5e      0x2d2 ./system/src/newlib/_startup.o
 .debug_line    0x00003e30      0x303 ./system/src/newlib/_syscalls.o
 .debug_line    0x00004133      0x31a ./system/src/diag/Trace.o
 .debug_line    0x0000444d      0x313 ./system/src/diag/trace_impl.o
 .debug_line    0x00004760      0x193 ./system/src/cortexm/_initialize_hardware.o
 .debug_line    0x000048f3      0x44f ./system/src/cortexm/exception_handlers.o
 .debug_line    0x00004d42       0x86 ./system/src/cmsis/startup_stm32f103xb.o
 .debug_line    0x00004dc8      0x19b ./system/src/cmsis/system_stm32f1xx.o
 .debug_line    0x00004f63      0x775 ./src/main.o
 .debug_line    0x000056d8      0x585 ./src/stm32f1xx_hal_msp.o
 .debug_line    0x00005c5d      0x6cd ./src/stm32f1xx_it.o
 .debug_line    0x0000632a      0x45a ./Middlewares/Third_Party/FreeRTOS/Source/portable/MemMang/heap_4.o
 .debug_line    0x00006784      0x318 ./Middlewares/Third_Party/FreeRTOS/Source/portable/GCC/ARM_CM3/port.o
 .debug_line    0x00006a9c      0x987 ./Middlewares/Third_Party/FreeRTOS/Source/CMSIS_RTOS/cmsis_os.o
 .debug_line    0x00007423      0x3ac ./Middlewares/Third_Party/FreeRTOS/Source/list.o
 .debug_line    0x000077cf      0xbae ./Middlewares/Third_Party/FreeRTOS/Source/tasks.o

.debug_frame    0x00000000     0x1e6c
 *(.debug_frame)
 .debug_frame   0x00000000      0x164 ./system/src/stm32f1xx/stm32f1xx_hal.o
 .debug_frame   0x00000164      0x1c4 ./system/src/stm32f1xx/stm32f1xx_hal_can.o
 .debug_frame   0x00000328      0x11c ./system/src/stm32f1xx/stm32f1xx_hal_cortex.o
 .debug_frame   0x00000444       0xb8 ./system/src/stm32f1xx/stm32f1xx_hal_gpio.o
 .debug_frame   0x000004fc      0x140 ./system/src/stm32f1xx/stm32f1xx_hal_rcc.o
 .debug_frame   0x0000063c       0x38 ./system/src/stm32f1xx/stm32f1xx_hal_spi_ex.o
 .debug_frame   0x00000674      0x354 ./system/src/stm32f1xx/stm32f1xx_hal_uart.o
 .debug_frame   0x000009c8       0x38 ./system/src/newlib/_exit.o
 .debug_frame   0x00000a00       0x28 ./system/src/newlib/_sbrk.o
 .debug_frame   0x00000a28       0x7c ./system/src/newlib/_startup.o
 .debug_frame   0x00000aa4       0x50 ./system/src/newlib/_syscalls.o
 .debug_frame   0x00000af4       0x80 ./system/src/diag/Trace.o
 .debug_frame   0x00000b74       0x30 ./system/src/diag/trace_impl.o
 .debug_frame   0x00000ba4       0x40 ./system/src/cortexm/_initialize_hardware.o
 .debug_frame   0x00000be4      0x144 ./system/src/cortexm/exception_handlers.o
 .debug_frame   0x00000d28       0x30 ./system/src/cmsis/system_stm32f1xx.o
 .debug_frame   0x00000d58      0x10c ./src/main.o
 .debug_frame   0x00000e64       0xc4 ./src/stm32f1xx_hal_msp.o
 .debug_frame   0x00000f28       0x88 ./src/stm32f1xx_it.o
 .debug_frame   0x00000fb0       0xa0 ./Middlewares/Third_Party/FreeRTOS/Source/portable/MemMang/heap_4.o
 .debug_frame   0x00001050      0x138 ./Middlewares/Third_Party/FreeRTOS/Source/portable/GCC/ARM_CM3/port.o
 .debug_frame   0x00001188      0x4c0 ./Middlewares/Third_Party/FreeRTOS/Source/CMSIS_RTOS/cmsis_os.o
 .debug_frame   0x00001648       0x68 ./Middlewares/Third_Party/FreeRTOS/Source/list.o
 .debug_frame   0x000016b0      0x4a0 ./Middlewares/Third_Party/FreeRTOS/Source/tasks.o
 .debug_frame   0x00001b50       0x20 c:/stm32toolchain/gnu-arm/4.8-2014q3/bin/../lib/gcc/arm-none-eabi/4.8.4/../../../../arm-none-eabi/lib/armv7-m\libg_s.a(lib_a-errno.o)
 .debug_frame   0x00001b70       0x28 c:/stm32toolchain/gnu-arm/4.8-2014q3/bin/../lib/gcc/arm-none-eabi/4.8.4/../../../../arm-none-eabi/lib/armv7-m\libg_s.a(lib_a-memcpy-stub.o)
 .debug_frame   0x00001b98       0x58 c:/stm32toolchain/gnu-arm/4.8-2014q3/bin/../lib/gcc/arm-none-eabi/4.8.4/../../../../arm-none-eabi/lib/armv7-m\libg_s.a(lib_a-sprintf.o)
 .debug_frame   0x00001bf0       0x20 c:/stm32toolchain/gnu-arm/4.8-2014q3/bin/../lib/gcc/arm-none-eabi/4.8.4/../../../../arm-none-eabi/lib/armv7-m\libg_s.a(lib_a-strlen.o)
 .debug_frame   0x00001c10       0x88 c:/stm32toolchain/gnu-arm/4.8-2014q3/bin/../lib/gcc/arm-none-eabi/4.8.4/../../../../arm-none-eabi/lib/armv7-m\libg_s.a(lib_a-svfprintf.o)
 .debug_frame   0x00001c98       0x60 c:/stm32toolchain/gnu-arm/4.8-2014q3/bin/../lib/gcc/arm-none-eabi/4.8.4/../../../../arm-none-eabi/lib/armv7-m\libg_s.a(lib_a-vfprintf_i.o)
 .debug_frame   0x00001cf8       0x4c c:/stm32toolchain/gnu-arm/4.8-2014q3/bin/../lib/gcc/arm-none-eabi/4.8.4/../../../../arm-none-eabi/lib/armv7-m\libg_s.a(lib_a-vsnprintf.o)
 .debug_frame   0x00001d44       0x28 c:/stm32toolchain/gnu-arm/4.8-2014q3/bin/../lib/gcc/arm-none-eabi/4.8.4/../../../../arm-none-eabi/lib/armv7-m\libg_s.a(lib_a-memchr-stub.o)
 .debug_frame   0x00001d6c       0x2c c:/stm32toolchain/gnu-arm/4.8-2014q3/bin/../lib/gcc/arm-none-eabi/4.8.4/../../../../arm-none-eabi/lib/armv7-m\libg_s.a(lib_a-memmove.o)
 .debug_frame   0x00001d98       0x2c c:/stm32toolchain/gnu-arm/4.8-2014q3/bin/../lib/gcc/arm-none-eabi/4.8.4/../../../../arm-none-eabi/lib/armv7-m\libg_s.a(lib_a-nano-freer.o)
 .debug_frame   0x00001dc4       0x2c c:/stm32toolchain/gnu-arm/4.8-2014q3/bin/../lib/gcc/arm-none-eabi/4.8.4/../../../../arm-none-eabi/lib/armv7-m\libg_s.a(lib_a-nano-mallocr.o)
 .debug_frame   0x00001df0       0x30 c:/stm32toolchain/gnu-arm/4.8-2014q3/bin/../lib/gcc/arm-none-eabi/4.8.4/../../../../arm-none-eabi/lib/armv7-m\libg_s.a(lib_a-nano-reallocr.o)
 .debug_frame   0x00001e20       0x2c c:/stm32toolchain/gnu-arm/4.8-2014q3/bin/../lib/gcc/arm-none-eabi/4.8.4/../../../../arm-none-eabi/lib/armv7-m\libg_s.a(lib_a-sbrkr.o)
 .debug_frame   0x00001e4c       0x20 c:/stm32toolchain/gnu-arm/4.8-2014q3/bin/../lib/gcc/arm-none-eabi/4.8.4/../../../../arm-none-eabi/lib/armv7-m\libg_s.a(lib_a-nano-msizer.o)

.debug_str      0x00000000    0x93054
 *(.debug_str)
 .debug_str     0x00000000    0x868bc ./system/src/stm32f1xx/stm32f1xx_hal.o
                              0x86d60 (size before relaxing)
 .debug_str     0x000868bc      0x5ce ./system/src/stm32f1xx/stm32f1xx_hal_can.o
                              0x86cbc (size before relaxing)
 .debug_str     0x00086e8a      0x274 ./system/src/stm32f1xx/stm32f1xx_hal_cortex.o
                              0x86d4a (size before relaxing)
 .debug_str     0x000870fe      0x452 ./system/src/stm32f1xx/stm32f1xx_hal_gpio.o
                              0x86b2e (size before relaxing)
 .debug_str     0x00087550      0x3d6 ./system/src/stm32f1xx/stm32f1xx_hal_rcc.o
                              0x86b8f (size before relaxing)
 .debug_str     0x00087926      0x388 ./system/src/stm32f1xx/stm32f1xx_hal_spi_ex.o
                              0x86a82 (size before relaxing)
 .debug_str     0x00087cae      0x4f4 ./system/src/stm32f1xx/stm32f1xx_hal_uart.o
                              0x86e12 (size before relaxing)
 .debug_str     0x000881a2      0xeeb ./system/src/newlib/_exit.o
                               0x4ea0 (size before relaxing)
 .debug_str     0x0008908d      0x366 ./system/src/newlib/_sbrk.o
                               0x4456 (size before relaxing)
 .debug_str     0x000893f3      0x266 ./system/src/newlib/_startup.o
                               0x402c (size before relaxing)
 .debug_str     0x00089659      0xc3a ./system/src/newlib/_syscalls.o
                               0x50d2 (size before relaxing)
 .debug_str     0x0008a293     0x1013 ./system/src/diag/Trace.o
                               0x6587 (size before relaxing)
 .debug_str     0x0008b2a6       0x42 ./system/src/diag/trace_impl.o
                              0x5b7a7 (size before relaxing)
 .debug_str     0x0008b2e8       0x5e ./system/src/cortexm/_initialize_hardware.o
                              0x59b5d (size before relaxing)
 .debug_str     0x0008b346      0x1ca ./system/src/cortexm/exception_handlers.o
                              0x5d47e (size before relaxing)
 .debug_str     0x0008b510       0x4d ./system/src/cmsis/system_stm32f1xx.o
                              0x59bdd (size before relaxing)
 .debug_str     0x0008b55d     0x5849 ./src/main.o
                              0x8cc9f (size before relaxing)
 .debug_str     0x00090da6       0x2d ./src/stm32f1xx_hal_msp.o
                              0x871ca (size before relaxing)
 .debug_str     0x00090dd3       0x39 ./src/stm32f1xx_it.o
                              0x8bd9e (size before relaxing)
 .debug_str     0x00090e0c      0x2f6 ./Middlewares/Third_Party/FreeRTOS/Source/portable/MemMang/heap_4.o
                               0x81e4 (size before relaxing)
 .debug_str     0x00091102      0x721 ./Middlewares/Third_Party/FreeRTOS/Source/portable/GCC/ARM_CM3/port.o
                               0x7163 (size before relaxing)
 .debug_str     0x00091823      0x952 ./Middlewares/Third_Party/FreeRTOS/Source/CMSIS_RTOS/cmsis_os.o
                               0xba17 (size before relaxing)
 .debug_str     0x00092175      0x13d ./Middlewares/Third_Party/FreeRTOS/Source/list.o
                               0x78f9 (size before relaxing)
 .debug_str     0x000922b2      0xda2 ./Middlewares/Third_Party/FreeRTOS/Source/tasks.o
                               0xa7a9 (size before relaxing)

.debug_loc      0x00000000     0x5f72
 *(.debug_loc)
 .debug_loc     0x00000000       0x7d ./system/src/stm32f1xx/stm32f1xx_hal.o
 .debug_loc     0x0000007d      0x60f ./system/src/stm32f1xx/stm32f1xx_hal_can.o
 .debug_loc     0x0000068c      0x501 ./system/src/stm32f1xx/stm32f1xx_hal_cortex.o
 .debug_loc     0x00000b8d      0x357 ./system/src/stm32f1xx/stm32f1xx_hal_gpio.o
 .debug_loc     0x00000ee4      0xde3 ./system/src/stm32f1xx/stm32f1xx_hal_rcc.o
 .debug_loc     0x00001cc7       0x63 ./system/src/stm32f1xx/stm32f1xx_hal_spi_ex.o
 .debug_loc     0x00001d2a      0xf53 ./system/src/stm32f1xx/stm32f1xx_hal_uart.o
 .debug_loc     0x00002c7d       0x6b ./system/src/newlib/_sbrk.o
 .debug_loc     0x00002ce8      0x265 ./system/src/newlib/_startup.o
 .debug_loc     0x00002f4d       0x63 ./system/src/newlib/_syscalls.o
 .debug_loc     0x00002fb0       0xf7 ./system/src/diag/Trace.o
 .debug_loc     0x000030a7       0x21 ./system/src/diag/trace_impl.o
 .debug_loc     0x000030c8      0x184 ./system/src/cortexm/exception_handlers.o
 .debug_loc     0x0000324c       0xe4 ./system/src/cmsis/system_stm32f1xx.o
 .debug_loc     0x00003330       0x93 ./src/main.o
 .debug_loc     0x000033c3       0xf8 ./src/stm32f1xx_hal_msp.o
 .debug_loc     0x000034bb      0x288 ./Middlewares/Third_Party/FreeRTOS/Source/portable/MemMang/heap_4.o
 .debug_loc     0x00003743       0xa6 ./Middlewares/Third_Party/FreeRTOS/Source/portable/GCC/ARM_CM3/port.o
 .debug_loc     0x000037e9      0xeb8 ./Middlewares/Third_Party/FreeRTOS/Source/CMSIS_RTOS/cmsis_os.o
 .debug_loc     0x000046a1       0x65 ./Middlewares/Third_Party/FreeRTOS/Source/list.o
 .debug_loc     0x00004706     0x186c ./Middlewares/Third_Party/FreeRTOS/Source/tasks.o

.debug_macinfo
 *(.debug_macinfo)

.debug_weaknames
 *(.debug_weaknames)

.debug_funcnames
 *(.debug_funcnames)

.debug_typenames
 *(.debug_typenames)

.debug_varnames
 *(.debug_varnames)
OUTPUT(CAN-FreeRTOS-F103CBT6.elf elf32-littlearm)

.debug_ranges   0x00000000      0xa68
 .debug_ranges  0x00000000       0xa0 ./system/src/stm32f1xx/stm32f1xx_hal.o
 .debug_ranges  0x000000a0       0xa0 ./system/src/stm32f1xx/stm32f1xx_hal_can.o
 .debug_ranges  0x00000140       0x80 ./system/src/stm32f1xx/stm32f1xx_hal_cortex.o
 .debug_ranges  0x000001c0       0x48 ./system/src/stm32f1xx/stm32f1xx_hal_gpio.o
 .debug_ranges  0x00000208       0x78 ./system/src/stm32f1xx/stm32f1xx_hal_rcc.o
 .debug_ranges  0x00000280       0x18 ./system/src/stm32f1xx/stm32f1xx_hal_spi_ex.o
 .debug_ranges  0x00000298      0x140 ./system/src/stm32f1xx/stm32f1xx_hal_uart.o
 .debug_ranges  0x000003d8       0x18 ./system/src/newlib/_exit.o
 .debug_ranges  0x000003f0       0x10 ./system/src/newlib/_sbrk.o
 .debug_ranges  0x00000400       0x48 ./system/src/newlib/_startup.o
 .debug_ranges  0x00000448       0x20 ./system/src/newlib/_syscalls.o
 .debug_ranges  0x00000468       0x28 ./system/src/diag/Trace.o
 .debug_ranges  0x00000490       0x18 ./system/src/diag/trace_impl.o
 .debug_ranges  0x000004a8       0x18 ./system/src/cortexm/_initialize_hardware.o
 .debug_ranges  0x000004c0       0x78 ./system/src/cortexm/exception_handlers.o
 .debug_ranges  0x00000538       0x20 ./system/src/cmsis/startup_stm32f103xb.o
 .debug_ranges  0x00000558       0x18 ./system/src/cmsis/system_stm32f1xx.o
 .debug_ranges  0x00000570       0x58 ./src/main.o
 .debug_ranges  0x000005c8       0x40 ./src/stm32f1xx_hal_msp.o
 .debug_ranges  0x00000608       0x40 ./src/stm32f1xx_it.o
 .debug_ranges  0x00000648       0x40 ./Middlewares/Third_Party/FreeRTOS/Source/portable/MemMang/heap_4.o
 .debug_ranges  0x00000688       0x80 ./Middlewares/Third_Party/FreeRTOS/Source/portable/GCC/ARM_CM3/port.o
 .debug_ranges  0x00000708      0x1a0 ./Middlewares/Third_Party/FreeRTOS/Source/CMSIS_RTOS/cmsis_os.o
 .debug_ranges  0x000008a8       0x30 ./Middlewares/Third_Party/FreeRTOS/Source/list.o
 .debug_ranges  0x000008d8      0x190 ./Middlewares/Third_Party/FreeRTOS/Source/tasks.o

.debug_macro    0x00000000    0x1a892
 .debug_macro   0x00000000      0x25b ./system/src/stm32f1xx/stm32f1xx_hal.o
 .debug_macro   0x0000025b      0x856 ./system/src/stm32f1xx/stm32f1xx_hal.o
 .debug_macro   0x00000ab1       0x94 ./system/src/stm32f1xx/stm32f1xx_hal.o
 .debug_macro   0x00000b45      0x167 ./system/src/stm32f1xx/stm32f1xx_hal.o
 .debug_macro   0x00000cac       0x2e ./system/src/stm32f1xx/stm32f1xx_hal.o
 .debug_macro   0x00000cda       0x22 ./system/src/stm32f1xx/stm32f1xx_hal.o
 .debug_macro   0x00000cfc      0x34e ./system/src/stm32f1xx/stm32f1xx_hal.o
 .debug_macro   0x0000104a       0x34 ./system/src/stm32f1xx/stm32f1xx_hal.o
 .debug_macro   0x0000107e       0x34 ./system/src/stm32f1xx/stm32f1xx_hal.o
 .debug_macro   0x000010b2      0xb8e ./system/src/stm32f1xx/stm32f1xx_hal.o
 .debug_macro   0x00001c40     0xf2f7 ./system/src/stm32f1xx/stm32f1xx_hal.o
 .debug_macro   0x00010f37       0x43 ./system/src/stm32f1xx/stm32f1xx_hal.o
 .debug_macro   0x00010f7a     0x3383 ./system/src/stm32f1xx/stm32f1xx_hal.o
 .debug_macro   0x000142fd       0x58 ./system/src/stm32f1xx/stm32f1xx_hal.o
 .debug_macro   0x00014355       0x16 ./system/src/stm32f1xx/stm32f1xx_hal.o
 .debug_macro   0x0001436b       0x35 ./system/src/stm32f1xx/stm32f1xx_hal.o
 .debug_macro   0x000143a0       0xa3 ./system/src/stm32f1xx/stm32f1xx_hal.o
 .debug_macro   0x00014443       0x16 ./system/src/stm32f1xx/stm32f1xx_hal.o
 .debug_macro   0x00014459       0x97 ./system/src/stm32f1xx/stm32f1xx_hal.o
 .debug_macro   0x000144f0       0x10 ./system/src/stm32f1xx/stm32f1xx_hal.o
 .debug_macro   0x00014500       0xf6 ./system/src/stm32f1xx/stm32f1xx_hal.o
 .debug_macro   0x000145f6       0x4a ./system/src/stm32f1xx/stm32f1xx_hal.o
 .debug_macro   0x00014640       0x52 ./system/src/stm32f1xx/stm32f1xx_hal.o
 .debug_macro   0x00014692       0x16 ./system/src/stm32f1xx/stm32f1xx_hal.o
 .debug_macro   0x000146a8       0x43 ./system/src/stm32f1xx/stm32f1xx_hal.o
 .debug_macro   0x000146eb      0x180 ./system/src/stm32f1xx/stm32f1xx_hal.o
 .debug_macro   0x0001486b       0x10 ./system/src/stm32f1xx/stm32f1xx_hal.o
 .debug_macro   0x0001487b       0x22 ./system/src/stm32f1xx/stm32f1xx_hal.o
 .debug_macro   0x0001489d       0xbd ./system/src/stm32f1xx/stm32f1xx_hal.o
 .debug_macro   0x0001495a       0x16 ./system/src/stm32f1xx/stm32f1xx_hal.o
 .debug_macro   0x00014970      0x16c ./system/src/stm32f1xx/stm32f1xx_hal.o
 .debug_macro   0x00014adc       0x5e ./system/src/stm32f1xx/stm32f1xx_hal.o
 .debug_macro   0x00014b3a      0x778 ./system/src/stm32f1xx/stm32f1xx_hal.o
 .debug_macro   0x000152b2      0x28b ./system/src/stm32f1xx/stm32f1xx_hal.o
 .debug_macro   0x0001553d      0x141 ./system/src/stm32f1xx/stm32f1xx_hal.o
 .debug_macro   0x0001567e      0x197 ./system/src/stm32f1xx/stm32f1xx_hal.o
 .debug_macro   0x00015815      0x1ae ./system/src/stm32f1xx/stm32f1xx_hal.o
 .debug_macro   0x000159c3       0x2d ./system/src/stm32f1xx/stm32f1xx_hal.o
 .debug_macro   0x000159f0       0x3c ./system/src/stm32f1xx/stm32f1xx_hal.o
 .debug_macro   0x00015a2c      0x401 ./system/src/stm32f1xx/stm32f1xx_hal.o
 .debug_macro   0x00015e2d       0x10 ./system/src/stm32f1xx/stm32f1xx_hal.o
 .debug_macro   0x00015e3d       0x57 ./system/src/stm32f1xx/stm32f1xx_hal.o
 .debug_macro   0x00015e94       0x8c ./system/src/stm32f1xx/stm32f1xx_hal.o
 .debug_macro   0x00015f20      0x242 ./system/src/stm32f1xx/stm32f1xx_hal.o
 .debug_macro   0x00016162      0x143 ./system/src/stm32f1xx/stm32f1xx_hal.o
 .debug_macro   0x000162a5      0x1f4 ./system/src/stm32f1xx/stm32f1xx_hal.o
 .debug_macro   0x00016499      0x256 ./system/src/stm32f1xx/stm32f1xx_hal.o
 .debug_macro   0x000166ef       0x7c ./system/src/stm32f1xx/stm32f1xx_hal.o
 .debug_macro   0x0001676b      0x266 ./system/src/stm32f1xx/stm32f1xx_hal_can.o
 .debug_macro   0x000169d1      0x237 ./system/src/stm32f1xx/stm32f1xx_hal_cortex.o
 .debug_macro   0x00016c08      0x2a7 ./system/src/stm32f1xx/stm32f1xx_hal_gpio.o
 .debug_macro   0x00016eaf      0x25b ./system/src/stm32f1xx/stm32f1xx_hal_rcc.o
 .debug_macro   0x0001710a      0x237 ./system/src/stm32f1xx/stm32f1xx_hal_spi_ex.o
 .debug_macro   0x00017341      0x238 ./system/src/stm32f1xx/stm32f1xx_hal_uart.o
 .debug_macro   0x00017579      0x11b ./system/src/newlib/_exit.o
 .debug_macro   0x00017694      0x850 ./system/src/newlib/_exit.o
 .debug_macro   0x00017ee4      0x10e ./system/src/newlib/_exit.o
 .debug_macro   0x00017ff2       0x86 ./system/src/newlib/_exit.o
 .debug_macro   0x00018078       0x10 ./system/src/newlib/_exit.o
 .debug_macro   0x00018088       0x35 ./system/src/newlib/_exit.o
 .debug_macro   0x000180bd       0xd1 ./system/src/newlib/_sbrk.o
 .debug_macro   0x0001818e       0x19 ./system/src/newlib/_sbrk.o
 .debug_macro   0x000181a7      0x16d ./system/src/newlib/_sbrk.o
 .debug_macro   0x00018314       0x10 ./system/src/newlib/_sbrk.o
 .debug_macro   0x00018324      0x23b ./system/src/newlib/_sbrk.o
 .debug_macro   0x0001855f       0xdb ./system/src/newlib/_startup.o
 .debug_macro   0x0001863a      0x169 ./system/src/newlib/_syscalls.o
 .debug_macro   0x000187a3       0x1c ./system/src/newlib/_syscalls.o
 .debug_macro   0x000187bf       0x10 ./system/src/newlib/_syscalls.o
 .debug_macro   0x000187cf       0x10 ./system/src/newlib/_syscalls.o
 .debug_macro   0x000187df       0x10 ./system/src/newlib/_syscalls.o
 .debug_macro   0x000187ef       0x35 ./system/src/newlib/_syscalls.o
 .debug_macro   0x00018824      0x120 ./system/src/newlib/_syscalls.o
 .debug_macro   0x00018944       0x22 ./system/src/newlib/_syscalls.o
 .debug_macro   0x00018966       0x2b ./system/src/newlib/_syscalls.o
 .debug_macro   0x00018991      0x118 ./system/src/newlib/_syscalls.o
 .debug_macro   0x00018aa9      0x13a ./system/src/newlib/_syscalls.o
 .debug_macro   0x00018be3       0x16 ./system/src/newlib/_syscalls.o
 .debug_macro   0x00018bf9      0x15a ./system/src/diag/Trace.o
 .debug_macro   0x00018d53       0x52 ./system/src/diag/Trace.o
 .debug_macro   0x00018da5      0x283 ./system/src/diag/Trace.o
 .debug_macro   0x00019028       0x10 ./system/src/diag/Trace.o
 .debug_macro   0x00019038       0x1f ./system/src/diag/Trace.o
 .debug_macro   0x00019057      0x150 ./system/src/diag/trace_impl.o
 .debug_macro   0x000191a7       0x8a ./system/src/cortexm/_initialize_hardware.o
 .debug_macro   0x00019231      0x1af ./system/src/cortexm/exception_handlers.o
 .debug_macro   0x000193e0       0x3a ./system/src/cortexm/exception_handlers.o
 .debug_macro   0x0001941a       0x22 ./system/src/cortexm/exception_handlers.o
 .debug_macro   0x0001943c       0x92 ./system/src/cmsis/system_stm32f1xx.o
 .debug_macro   0x000194ce      0x2fc ./src/main.o
 .debug_macro   0x000197ca       0x16 ./src/main.o
 .debug_macro   0x000197e0       0xc5 ./src/main.o
 .debug_macro   0x000198a5       0x91 ./src/main.o
 .debug_macro   0x00019936       0xb0 ./src/main.o
 .debug_macro   0x000199e6       0x7f ./src/main.o
 .debug_macro   0x00019a65       0x19 ./src/main.o
 .debug_macro   0x00019a7e       0xcf ./src/main.o
 .debug_macro   0x00019b4d      0x237 ./src/stm32f1xx_hal_msp.o
 .debug_macro   0x00019d84      0x302 ./src/stm32f1xx_it.o
 .debug_macro   0x0001a086      0x172 ./Middlewares/Third_Party/FreeRTOS/Source/portable/MemMang/heap_4.o
 .debug_macro   0x0001a1f8      0x13f ./Middlewares/Third_Party/FreeRTOS/Source/portable/GCC/ARM_CM3/port.o
 .debug_macro   0x0001a337      0x1c2 ./Middlewares/Third_Party/FreeRTOS/Source/CMSIS_RTOS/cmsis_os.o
 .debug_macro   0x0001a4f9       0x26 ./Middlewares/Third_Party/FreeRTOS/Source/CMSIS_RTOS/cmsis_os.o
 .debug_macro   0x0001a51f      0x14b ./Middlewares/Third_Party/FreeRTOS/Source/list.o
 .debug_macro   0x0001a66a      0x217 ./Middlewares/Third_Party/FreeRTOS/Source/tasks.o
 .debug_macro   0x0001a881       0x11 ./Middlewares/Third_Party/FreeRTOS/Source/tasks.o
